// Vitest Snapshot v1, https://vitest.dev/guide/snapshot.html

exports[`Color Palette Contracts > Visual Regression Guards > documents color palette snapshot for regression detection 1`] = `
{
  "environment": {
    "background": "#f5f0e8",
    "globe": "#8b6f47",
  },
  "moods": {
    "connection": "#ef476f",
    "gratitude": "#ffbe0b",
    "presence": "#06d6a0",
    "release": "#118ab2",
  },
}
`;
