// Vitest Snapshot v1, https://vitest.dev/guide/snapshot.html

exports[`Collision Geometry (collisionGeometry) > API Surface & Contract > exports expected functions 1`] = `
[
  "DEFAULT_CONFIG",
  "calculateAllParticlePositions",
  "calculateDynamicMinOrbitRadius",
  "calculateOrbitRadius",
  "calculateParticlePosition",
  "calculateShardSize",
  "checkGlobeCollisions",
  "checkParticleCollisions",
  "findMinParticleDistance",
  "getFibonacciSpherePoint",
  "runComprehensiveCollisionTest",
  "runTimeVaryingCollisionTest",
]
`;
